
debug 2025/09/30 18:48:47 --- DEBUG BEGIN ---
debug 2025/09/30 18:48:47 You are an AI terminal agent.
Your role is to help the user accomplish tasks by running only a predefined set of terminal commands.
Return your answer as JSON STRING.
IMPORTANT: Always return ONE tool call and wait for the result.
IMPORTANT: If the User's Goal has been met, then task_done, do not repeat actions 
Be aware of the previous tool called, and make sure to not repeat actions
"You" from the user refers to you.

Rules & Behavior

1. Command Execution
   - You may only run commands from the allowed command list, which will be provided to you in a JSON structure.
   - If a user requests something that can be solved by one or more allowed commands, you should directly call:
     { "name": "run_terminal_command", "parameters": { "command": "<command_string>" } }

2. Clarification
   - If a request is ambiguous, incomplete, or cannot be mapped directly to an allowed command, you may call:
     { "name": "clarify_query", "parameters": { "query": "<clarifying_question>" } }
   - However, your first priority is always to solve the problem without asking for clarification. Only clarify when absolutely necessary.

3. Restrictions
   - You must never invent or assume commands outside of the allowed list.
   - If a task cannot be accomplished with the provided commands, ask a clarifying question.

4. Command Selection
   - Always choose the most direct and effective command from the allowed list.
   - If multiple commands are possible, pick the one that best fulfills the user’s request with minimal steps.

5. Unavailable Commands
   - If a command is unavailable, then ask a clarifying query.

6. JSON Structure
   - Do not STRAY from the following JSON structure:
   TOOL USE: { "name": "run_terminal_command", "parameters": { "command": "<command_string>" } }
   CLARIFYING QUESTION OR ERROR: { "name": "clarify_query", "parameters": { "query": "<clarifying_question>" } }

7. Multiple Steps
   - There is a chance there will be multiple steps to fulfill the users query. You will be given the results of your tool calls, and based on that new context, plan your next step.
   - For example: If you are told to 'run "ls" and summarize', then you will first call the "run_terminal_command" tool, then you will be given the result of your tool call, and then from that you will summarize and then talk to the user through the "talk_to_user" user tool. Finally, you will call "task_done" tool to mark your task done. 

Tools & Format:
TOOL USE: { "name": "run_terminal_command", "parameters": { "command": "<command_string>" } }
CLARIFYING QUESTION OR ERROR: { "name": "clarify_query", "parameters": { "query": "<clarifying_question>" } }
TALK TO USER: { "name": "talk_to_user", "parameters": { "query": "<your-result>" } }
TASK DONE: { "name": "task_done", "parameters": { "query": "Task completed" } }

Workflow

1. Parse the user’s request.
2. Match it against the allowed command list.
3. If a clear match exists → execute using run_terminal_command.
4. If unclear or ambiguous → ask the user using clarify_query.
5. Never execute disallowed commands.

Allowed Commands

echo
ls
git

 THIS IS THE END OF THE PROMPT
debug 2025/09/30 18:48:48 --- PROGRAM END ---
debug 2025/09/30 18:55:04 --- DEBUG BEGIN ---
debug 2025/09/30 18:55:04 --- PROGRAM END ---
debug 2025/09/30 18:55:55 --- DEBUG BEGIN ---
debug 2025/09/30 18:55:56 --- PROGRAM END ---
debug 2025/09/30 19:24:07 --- DEBUG BEGIN ---
debug 2025/09/30 19:24:36 --- DEBUG BEGIN ---
debug 2025/09/30 19:24:36 --- PROGRAM END ---
debug 2025/09/30 21:48:35 --- DEBUG BEGIN ---
debug 2025/09/30 21:48:35 --- PROGRAM END ---
debug 2025/09/30 21:48:46 --- DEBUG BEGIN ---
debug 2025/09/30 21:48:46 --- PROGRAM END ---
debug 2025/09/30 22:13:31 --- DEBUG BEGIN ---
debug 2025/09/30 22:13:31 --- PROGRAM END ---
debug 2025/09/30 22:14:00 --- DEBUG BEGIN ---
debug 2025/09/30 22:14:16 RAI HISTORY: []
debug 2025/09/30 22:14:19 PM AC PTR HISTORY: [{I only have the 'ls' command available, which can list files. I cannot stage files without a git command. Would you like me to list the files in the current directory instead? clarify_query }]
debug 2025/09/30 22:14:19 PM HISTORY: {I only have the 'ls' command available, which can list files. I cannot stage files without a git command. Would you like me to list the files in the current directory instead? clarify_query }
debug 2025/09/30 22:14:19 MODEL ITR: [{I only have the 'ls' command available, which can list files. I cannot stage files without a git command. Would you like me to list the files in the current directory instead? clarify_query }]
debug 2025/09/30 22:14:19 RAI HISTORY: [{I only have the 'ls' command available, which can list files. I cannot stage files without a git command. Would you like me to list the files in the current directory instead? clarify_query }]
debug 2025/09/30 22:14:22 PM AC PTR HISTORY: [{I only have the 'ls' command available, which can list files. I cannot stage files without a git command. Would you like me to list the files in the current directory instead? clarify_query } {I only have the 'ls' command available, which can list files. I cannot stage files without a git command. Would you like me to list the files in the current directory instead? clarify_query }]
debug 2025/09/30 22:14:22 PM HISTORY: {I only have the 'ls' command available, which can list files. I cannot stage files without a git command. Would you like me to list the files in the current directory instead? clarify_query }
debug 2025/09/30 22:14:22 MODEL ITR: [{I only have the 'ls' command available, which can list files. I cannot stage files without a git command. Would you like me to list the files in the current directory instead? clarify_query } {I only have the 'ls' command available, which can list files. I cannot stage files without a git command. Would you like me to list the files in the current directory instead? clarify_query }]
debug 2025/09/30 22:14:22 RAI HISTORY: [{I only have the 'ls' command available, which can list files. I cannot stage files without a git command. Would you like me to list the files in the current directory instead? clarify_query } {I only have the 'ls' command available, which can list files. I cannot stage files without a git command. Would you like me to list the files in the current directory instead? clarify_query }]
debug 2025/09/30 22:14:24 PM AC PTR HISTORY: [{I only have the 'ls' command available, which can list files. I cannot stage files without a git command. Would you like me to list the files in the current directory instead? clarify_query } {I only have the 'ls' command available, which can list files. I cannot stage files without a git command. Would you like me to list the files in the current directory instead? clarify_query } {I only have the 'ls' command available, which can list files. I cannot stage files without a git command. Would you like me to list the files in the current directory instead? clarify_query }]
debug 2025/09/30 22:14:24 PM HISTORY: {I only have the 'ls' command available, which can list files. I cannot stage files without a git command. Would you like me to list the files in the current directory instead? clarify_query }
debug 2025/09/30 22:14:35 RAI HISTORY: [{I only have the 'ls' command available, which can list files. I cannot stage files without a git command. Would you like me to list the files in the current directory instead? clarify_query } {I only have the 'ls' command available, which can list files. I cannot stage files without a git command. Would you like me to list the files in the current directory instead? clarify_query } {I only have the 'ls' command available, which can list files. I cannot stage files without a git command. Would you like me to list the files in the current directory instead? clarify_query }]
debug 2025/09/30 22:14:37 PM AC PTR HISTORY: [{I only have the 'ls' command available, which can list files. I cannot stage files without a git command. Would you like me to list the files in the current directory instead? clarify_query } {I only have the 'ls' command available, which can list files. I cannot stage files without a git command. Would you like me to list the files in the current directory instead? clarify_query } {I only have the 'ls' command available, which can list files. I cannot stage files without a git command. Would you like me to list the files in the current directory instead? clarify_query } {cmd
debug.log
go.mod
go.sum
internal
 run_terminal_command ls}]
debug 2025/09/30 22:14:37 PM HISTORY: {cmd
debug.log
go.mod
go.sum
internal
 run_terminal_command ls}
debug 2025/09/30 22:14:37 MODEL ITR: [{I only have the 'ls' command available, which can list files. I cannot stage files without a git command. Would you like me to list the files in the current directory instead? clarify_query } {I only have the 'ls' command available, which can list files. I cannot stage files without a git command. Would you like me to list the files in the current directory instead? clarify_query } {I only have the 'ls' command available, which can list files. I cannot stage files without a git command. Would you like me to list the files in the current directory instead? clarify_query } {cmd
debug.log
go.mod
go.sum
internal
 run_terminal_command ls}]
debug 2025/09/30 22:14:37 RAI HISTORY: [{I only have the 'ls' command available, which can list files. I cannot stage files without a git command. Would you like me to list the files in the current directory instead? clarify_query } {I only have the 'ls' command available, which can list files. I cannot stage files without a git command. Would you like me to list the files in the current directory instead? clarify_query } {I only have the 'ls' command available, which can list files. I cannot stage files without a git command. Would you like me to list the files in the current directory instead? clarify_query } {cmd
debug.log
go.mod
go.sum
internal
 run_terminal_command ls}]
debug 2025/09/30 22:14:39 PM AC PTR HISTORY: [{I only have the 'ls' command available, which can list files. I cannot stage files without a git command. Would you like me to list the files in the current directory instead? clarify_query } {I only have the 'ls' command available, which can list files. I cannot stage files without a git command. Would you like me to list the files in the current directory instead? clarify_query } {I only have the 'ls' command available, which can list files. I cannot stage files without a git command. Would you like me to list the files in the current directory instead? clarify_query } {cmd
debug.log
go.mod
go.sum
internal
 run_terminal_command ls} {cmd
debug.log
go.mod
go.sum
internal
 run_terminal_command ls}]
debug 2025/09/30 22:14:39 PM HISTORY: {cmd
debug.log
go.mod
go.sum
internal
 run_terminal_command ls}
debug 2025/09/30 22:14:39 MODEL ITR: [{I only have the 'ls' command available, which can list files. I cannot stage files without a git command. Would you like me to list the files in the current directory instead? clarify_query } {I only have the 'ls' command available, which can list files. I cannot stage files without a git command. Would you like me to list the files in the current directory instead? clarify_query } {I only have the 'ls' command available, which can list files. I cannot stage files without a git command. Would you like me to list the files in the current directory instead? clarify_query } {cmd
debug.log
go.mod
go.sum
internal
 run_terminal_command ls} {cmd
debug.log
go.mod
go.sum
internal
 run_terminal_command ls}]
debug 2025/09/30 22:14:39 RAI HISTORY: [{I only have the 'ls' command available, which can list files. I cannot stage files without a git command. Would you like me to list the files in the current directory instead? clarify_query } {I only have the 'ls' command available, which can list files. I cannot stage files without a git command. Would you like me to list the files in the current directory instead? clarify_query } {I only have the 'ls' command available, which can list files. I cannot stage files without a git command. Would you like me to list the files in the current directory instead? clarify_query } {cmd
debug.log
go.mod
go.sum
internal
 run_terminal_command ls} {cmd
debug.log
go.mod
go.sum
internal
 run_terminal_command ls}]
debug 2025/09/30 22:14:41 PM AC PTR HISTORY: [{I only have the 'ls' command available, which can list files. I cannot stage files without a git command. Would you like me to list the files in the current directory instead? clarify_query } {I only have the 'ls' command available, which can list files. I cannot stage files without a git command. Would you like me to list the files in the current directory instead? clarify_query } {I only have the 'ls' command available, which can list files. I cannot stage files without a git command. Would you like me to list the files in the current directory instead? clarify_query } {cmd
debug.log
go.mod
go.sum
internal
 run_terminal_command ls} {cmd
debug.log
go.mod
go.sum
internal
 run_terminal_command ls} {cmd
debug.log
go.mod
go.sum
internal
 run_terminal_command ls}]
debug 2025/09/30 22:14:41 PM HISTORY: {cmd
debug.log
go.mod
go.sum
internal
 run_terminal_command ls}
debug 2025/09/30 22:14:44 --- PROGRAM END ---
debug 2025/09/30 22:14:46 --- DEBUG BEGIN ---
debug 2025/09/30 22:14:49 RAI HISTORY: []
debug 2025/09/30 22:14:50 PM AC PTR HISTORY: [{cmd
debug.log
go.mod
go.sum
internal
 run_terminal_command ls}]
debug 2025/09/30 22:14:50 PM HISTORY: {cmd
debug.log
go.mod
go.sum
internal
 run_terminal_command ls}
debug 2025/09/30 22:14:50 MODEL ITR: [{cmd
debug.log
go.mod
go.sum
internal
 run_terminal_command ls}]
debug 2025/09/30 22:14:50 RAI HISTORY: [{cmd
debug.log
go.mod
go.sum
internal
 run_terminal_command ls}]
debug 2025/09/30 22:14:52 PM AC PTR HISTORY: [{cmd
debug.log
go.mod
go.sum
internal
 run_terminal_command ls} {Task completed task_done }]
debug 2025/09/30 22:14:52 PM HISTORY: {Task completed task_done }
debug 2025/09/30 22:15:00 RAI HISTORY: [{cmd
debug.log
go.mod
go.sum
internal
 run_terminal_command ls} {Task completed task_done }]
debug 2025/09/30 22:15:01 PM AC PTR HISTORY: [{cmd
debug.log
go.mod
go.sum
internal
 run_terminal_command ls} {Task completed task_done } {The directory contains the following items:
- Files: cmd, debug.log, go.mod, go.sum
- Directory: internal talk_to_user }]
debug 2025/09/30 22:15:01 PM HISTORY: {The directory contains the following items:
- Files: cmd, debug.log, go.mod, go.sum
- Directory: internal talk_to_user }
debug 2025/09/30 22:15:01 MODEL ITR: [{cmd
debug.log
go.mod
go.sum
internal
 run_terminal_command ls} {Task completed task_done } {The directory contains the following items:
- Files: cmd, debug.log, go.mod, go.sum
- Directory: internal talk_to_user }]
debug 2025/09/30 22:15:01 RAI HISTORY: [{cmd
debug.log
go.mod
go.sum
internal
 run_terminal_command ls} {Task completed task_done } {The directory contains the following items:
- Files: cmd, debug.log, go.mod, go.sum
- Directory: internal talk_to_user }]
debug 2025/09/30 22:15:02 PM AC PTR HISTORY: [{cmd
debug.log
go.mod
go.sum
internal
 run_terminal_command ls} {Task completed task_done } {The directory contains the following items:
- Files: cmd, debug.log, go.mod, go.sum
- Directory: internal talk_to_user } {Task completed task_done }]
debug 2025/09/30 22:15:02 PM HISTORY: {Task completed task_done }
debug 2025/09/30 22:15:23 --- PROGRAM END ---
debug 2025/09/30 22:15:24 --- DEBUG BEGIN ---
debug 2025/09/30 22:15:33 RAI HISTORY: []
debug 2025/09/30 22:15:35 PM AC PTR HISTORY: [{.:
cmd
debug.log
go.mod
go.sum
internal

./cmd:
main.go

./internal:
agent
plugin
tui

./internal/agent:
agent.go
config.go
tools.go

./internal/plugin:
plugin.go

./internal/tui:
tui.go
 run_terminal_command ls -R}]
debug 2025/09/30 22:15:35 PM HISTORY: {.:
cmd
debug.log
go.mod
go.sum
internal

./cmd:
main.go

./internal:
agent
plugin
tui

./internal/agent:
agent.go
config.go
tools.go

./internal/plugin:
plugin.go

./internal/tui:
tui.go
 run_terminal_command ls -R}
debug 2025/09/30 22:15:35 MODEL ITR: [{.:
cmd
debug.log
go.mod
go.sum
internal

./cmd:
main.go

./internal:
agent
plugin
tui

./internal/agent:
agent.go
config.go
tools.go

./internal/plugin:
plugin.go

./internal/tui:
tui.go
 run_terminal_command ls -R}]
debug 2025/09/30 22:15:35 RAI HISTORY: [{.:
cmd
debug.log
go.mod
go.sum
internal

./cmd:
main.go

./internal:
agent
plugin
tui

./internal/agent:
agent.go
config.go
tools.go

./internal/plugin:
plugin.go

./internal/tui:
tui.go
 run_terminal_command ls -R}]
debug 2025/09/30 22:15:38 PM AC PTR HISTORY: [{.:
cmd
debug.log
go.mod
go.sum
internal

./cmd:
main.go

./internal:
agent
plugin
tui

./internal/agent:
agent.go
config.go
tools.go

./internal/plugin:
plugin.go

./internal/tui:
tui.go
 run_terminal_command ls -R} {The file main.go is located at ./cmd/main.go talk_to_user }]
debug 2025/09/30 22:15:38 PM HISTORY: {The file main.go is located at ./cmd/main.go talk_to_user }
debug 2025/09/30 22:15:38 MODEL ITR: [{.:
cmd
debug.log
go.mod
go.sum
internal

./cmd:
main.go

./internal:
agent
plugin
tui

./internal/agent:
agent.go
config.go
tools.go

./internal/plugin:
plugin.go

./internal/tui:
tui.go
 run_terminal_command ls -R} {The file main.go is located at ./cmd/main.go talk_to_user }]
debug 2025/09/30 22:15:38 RAI HISTORY: [{.:
cmd
debug.log
go.mod
go.sum
internal

./cmd:
main.go

./internal:
agent
plugin
tui

./internal/agent:
agent.go
config.go
tools.go

./internal/plugin:
plugin.go

./internal/tui:
tui.go
 run_terminal_command ls -R} {The file main.go is located at ./cmd/main.go talk_to_user }]
debug 2025/09/30 22:15:40 PM AC PTR HISTORY: [{.:
cmd
debug.log
go.mod
go.sum
internal

./cmd:
main.go

./internal:
agent
plugin
tui

./internal/agent:
agent.go
config.go
tools.go

./internal/plugin:
plugin.go

./internal/tui:
tui.go
 run_terminal_command ls -R} {The file main.go is located at ./cmd/main.go talk_to_user } {Task completed task_done }]
debug 2025/09/30 22:15:40 PM HISTORY: {Task completed task_done }
